Archive member included to satisfy reference by file (symbol)

F:/STM32CubeIDE/STM32CubeIDE_1.14.1/STM32CubeIDE/plugins/com.st.stm32cube.ide.mcu.externaltools.gnu-tools-for-stm32.12.3.rel1.win32_1.0.100.202403111256/tools/bin/../lib/gcc/arm-none-eabi/12.3.1/../../../../arm-none-eabi/lib/thumb/v7-m/nofp\libc_nano.a(libc_a-exit.o)
                              F:/STM32CubeIDE/STM32CubeIDE_1.14.1/STM32CubeIDE/plugins/com.st.stm32cube.ide.mcu.externaltools.gnu-tools-for-stm32.12.3.rel1.win32_1.0.100.202403111256/tools/bin/../lib/gcc/arm-none-eabi/12.3.1/../../../../arm-none-eabi/lib/thumb/v7-m/nofp/crt0.o (exit)
F:/STM32CubeIDE/STM32CubeIDE_1.14.1/STM32CubeIDE/plugins/com.st.stm32cube.ide.mcu.externaltools.gnu-tools-for-stm32.12.3.rel1.win32_1.0.100.202403111256/tools/bin/../lib/gcc/arm-none-eabi/12.3.1/../../../../arm-none-eabi/lib/thumb/v7-m/nofp\libc_nano.a(libc_a-findfp.o)
                              F:/STM32CubeIDE/STM32CubeIDE_1.14.1/STM32CubeIDE/plugins/com.st.stm32cube.ide.mcu.externaltools.gnu-tools-for-stm32.12.3.rel1.win32_1.0.100.202403111256/tools/bin/../lib/gcc/arm-none-eabi/12.3.1/../../../../arm-none-eabi/lib/thumb/v7-m/nofp\libc_nano.a(libc_a-exit.o) (__stdio_exit_handler)
F:/STM32CubeIDE/STM32CubeIDE_1.14.1/STM32CubeIDE/plugins/com.st.stm32cube.ide.mcu.externaltools.gnu-tools-for-stm32.12.3.rel1.win32_1.0.100.202403111256/tools/bin/../lib/gcc/arm-none-eabi/12.3.1/../../../../arm-none-eabi/lib/thumb/v7-m/nofp\libc_nano.a(libc_a-fwalk.o)
                              F:/STM32CubeIDE/STM32CubeIDE_1.14.1/STM32CubeIDE/plugins/com.st.stm32cube.ide.mcu.externaltools.gnu-tools-for-stm32.12.3.rel1.win32_1.0.100.202403111256/tools/bin/../lib/gcc/arm-none-eabi/12.3.1/../../../../arm-none-eabi/lib/thumb/v7-m/nofp\libc_nano.a(libc_a-findfp.o) (_fwalk_sglue)
F:/STM32CubeIDE/STM32CubeIDE_1.14.1/STM32CubeIDE/plugins/com.st.stm32cube.ide.mcu.externaltools.gnu-tools-for-stm32.12.3.rel1.win32_1.0.100.202403111256/tools/bin/../lib/gcc/arm-none-eabi/12.3.1/../../../../arm-none-eabi/lib/thumb/v7-m/nofp\libc_nano.a(libc_a-stdio.o)
                              F:/STM32CubeIDE/STM32CubeIDE_1.14.1/STM32CubeIDE/plugins/com.st.stm32cube.ide.mcu.externaltools.gnu-tools-for-stm32.12.3.rel1.win32_1.0.100.202403111256/tools/bin/../lib/gcc/arm-none-eabi/12.3.1/../../../../arm-none-eabi/lib/thumb/v7-m/nofp\libc_nano.a(libc_a-findfp.o) (__sread)
F:/STM32CubeIDE/STM32CubeIDE_1.14.1/STM32CubeIDE/plugins/com.st.stm32cube.ide.mcu.externaltools.gnu-tools-for-stm32.12.3.rel1.win32_1.0.100.202403111256/tools/bin/../lib/gcc/arm-none-eabi/12.3.1/../../../../arm-none-eabi/lib/thumb/v7-m/nofp\libc_nano.a(libc_a-memset.o)
                              F:/STM32CubeIDE/STM32CubeIDE_1.14.1/STM32CubeIDE/plugins/com.st.stm32cube.ide.mcu.externaltools.gnu-tools-for-stm32.12.3.rel1.win32_1.0.100.202403111256/tools/bin/../lib/gcc/arm-none-eabi/12.3.1/../../../../arm-none-eabi/lib/thumb/v7-m/nofp/crt0.o (memset)
F:/STM32CubeIDE/STM32CubeIDE_1.14.1/STM32CubeIDE/plugins/com.st.stm32cube.ide.mcu.externaltools.gnu-tools-for-stm32.12.3.rel1.win32_1.0.100.202403111256/tools/bin/../lib/gcc/arm-none-eabi/12.3.1/../../../../arm-none-eabi/lib/thumb/v7-m/nofp\libc_nano.a(libc_a-closer.o)
                              F:/STM32CubeIDE/STM32CubeIDE_1.14.1/STM32CubeIDE/plugins/com.st.stm32cube.ide.mcu.externaltools.gnu-tools-for-stm32.12.3.rel1.win32_1.0.100.202403111256/tools/bin/../lib/gcc/arm-none-eabi/12.3.1/../../../../arm-none-eabi/lib/thumb/v7-m/nofp\libc_nano.a(libc_a-stdio.o) (_close_r)
F:/STM32CubeIDE/STM32CubeIDE_1.14.1/STM32CubeIDE/plugins/com.st.stm32cube.ide.mcu.externaltools.gnu-tools-for-stm32.12.3.rel1.win32_1.0.100.202403111256/tools/bin/../lib/gcc/arm-none-eabi/12.3.1/../../../../arm-none-eabi/lib/thumb/v7-m/nofp\libc_nano.a(libc_a-reent.o)
                              F:/STM32CubeIDE/STM32CubeIDE_1.14.1/STM32CubeIDE/plugins/com.st.stm32cube.ide.mcu.externaltools.gnu-tools-for-stm32.12.3.rel1.win32_1.0.100.202403111256/tools/bin/../lib/gcc/arm-none-eabi/12.3.1/../../../../arm-none-eabi/lib/thumb/v7-m/nofp\libc_nano.a(libc_a-closer.o) (errno)
F:/STM32CubeIDE/STM32CubeIDE_1.14.1/STM32CubeIDE/plugins/com.st.stm32cube.ide.mcu.externaltools.gnu-tools-for-stm32.12.3.rel1.win32_1.0.100.202403111256/tools/bin/../lib/gcc/arm-none-eabi/12.3.1/../../../../arm-none-eabi/lib/thumb/v7-m/nofp\libc_nano.a(libc_a-impure.o)
                              F:/STM32CubeIDE/STM32CubeIDE_1.14.1/STM32CubeIDE/plugins/com.st.stm32cube.ide.mcu.externaltools.gnu-tools-for-stm32.12.3.rel1.win32_1.0.100.202403111256/tools/bin/../lib/gcc/arm-none-eabi/12.3.1/../../../../arm-none-eabi/lib/thumb/v7-m/nofp\libc_nano.a(libc_a-reent.o) (_impure_ptr)
F:/STM32CubeIDE/STM32CubeIDE_1.14.1/STM32CubeIDE/plugins/com.st.stm32cube.ide.mcu.externaltools.gnu-tools-for-stm32.12.3.rel1.win32_1.0.100.202403111256/tools/bin/../lib/gcc/arm-none-eabi/12.3.1/../../../../arm-none-eabi/lib/thumb/v7-m/nofp\libc_nano.a(libc_a-lseekr.o)
[...]
Memory Configuration

Name             Origin             Length             Attributes
RAM              0x20000000         0x00005000         xrw
FLASH            0x08000000         0x00010000         xr
*default*        0x00000000         0xffffffff

Linker script and memory map

LOAD F:/STM32CubeIDE/STM32CubeIDE_1.14.1/STM32CubeIDE/plugins/com.st.stm32cube.ide.mcu.externaltools.gnu-tools-for-stm32.12.3.rel1.win32_1.0.100.202403111256/tools/bin/../lib/gcc/arm-none-eabi/12.3.1/thumb/v7-m/nofp/crti.o
LOAD F:/STM32CubeIDE/STM32CubeIDE_1.14.1/STM32CubeIDE/plugins/com.st.stm32cube.ide.mcu.externaltools.gnu-tools-for-stm32.12.3.rel1.win32_1.0.100.202403111256/tools/bin/../lib/gcc/arm-none-eabi/12.3.1/thumb/v7-m/nofp/crtbegin.o
LOAD F:/STM32CubeIDE/STM32CubeIDE_1.14.1/STM32CubeIDE/plugins/com.st.stm32cube.ide.mcu.externaltools.gnu-tools-for-stm32.12.3.rel1.win32_1.0.100.202403111256/tools/bin/../lib/gcc/arm-none-eabi/12.3.1/../../../../arm-none-eabi/lib/thumb/v7-m/nofp/crt0.o
LOAD ./Core/Src/CANSPI.o
LOAD ./Core/Src/MCP2515.o
LOAD ./Core/Src/main.o
LOAD ./Core/Src/stm32f1xx_hal_msp.o
LOAD ./Core/Src/stm32f1xx_it.o
LOAD ./Core/Src/syscalls.o
LOAD ./Core/Src/sysmem.o
LOAD ./Core/Src/system_stm32f1xx.o
LOAD ./Core/Startup/startup_stm32f103c8tx.o
LOAD ./Drivers/STM32F1xx_HAL_Driver/Src/stm32f1xx_hal.o
LOAD ./Drivers/STM32F1xx_HAL_Driver/Src/stm32f1xx_hal_cortex.o
LOAD ./Drivers/STM32F1xx_HAL_Driver/Src/stm32f1xx_hal_dma.o
LOAD ./Drivers/STM32F1xx_HAL_Driver/Src/stm32f1xx_hal_exti.o
LOAD ./Drivers/STM32F1xx_HAL_Driver/Src/stm32f1xx_hal_flash.o
LOAD ./Drivers/STM32F1xx_HAL_Driver/Src/stm32f1xx_hal_flash_ex.o
LOAD ./Drivers/STM32F1xx_HAL_Driver/Src/stm32f1xx_hal_gpio.o
LOAD ./Drivers/STM32F1xx_HAL_Driver/Src/stm32f1xx_hal_gpio_ex.o
LOAD ./Drivers/STM32F1xx_HAL_Driver/Src/stm32f1xx_hal_pwr.o
LOAD ./Drivers/STM32F1xx_HAL_Driver/Src/stm32f1xx_hal_rcc.o
LOAD ./Drivers/STM32F1xx_HAL_Driver/Src/stm32f1xx_hal_rcc_ex.o
LOAD ./Drivers/STM32F1xx_HAL_Driver/Src/stm32f1xx_hal_spi.o
LOAD ./Drivers/STM32F1xx_HAL_Driver/Src/stm32f1xx_hal_tim.o
LOAD ./Drivers/STM32F1xx_HAL_Driver/Src/stm32f1xx_hal_tim_ex.o
LOAD ./Drivers/STM32F1xx_HAL_Driver/Src/stm32f1xx_hal_uart.o
START GROUP
LOAD F:/STM32CubeIDE/STM32CubeIDE_1.14.1/STM32CubeIDE/plugins/com.st.stm32cube.ide.mcu.externaltools.gnu-tools-for-stm32.12.3.rel1.win32_1.0.100.202403111256/tools/bin/../lib/gcc/arm-none-eabi/12.3.1/../../../../arm-none-eabi/lib/thumb/v7-m/nofp\libc_nano.a
LOAD F:/STM32CubeIDE/STM32CubeIDE_1.14.1/STM32CubeIDE/plugins/com.st.stm32cube.ide.mcu.externaltools.gnu-tools-for-stm32.12.3.rel1.win32_1.0.100.202403111256/tools/bin/../lib/gcc/arm-none-eabi/12.3.1/../../../../arm-none-eabi/lib/thumb/v7-m/nofp\libm.a
END GROUP
START GROUP
LOAD F:/STM32CubeIDE/STM32CubeIDE_1.14.1/STM32CubeIDE/plugins/com.st.stm32cube.ide.mcu.externaltools.gnu-tools-for-stm32.12.3.rel1.win32_1.0.100.202403111256/tools/bin/../lib/gcc/arm-none-eabi/12.3.1/thumb/v7-m/nofp\libgcc.a
LOAD F:/STM32CubeIDE/STM32CubeIDE_1.14.1/STM32CubeIDE/plugins/com.st.stm32cube.ide.mcu.externaltools.gnu-tools-for-stm32.12.3.rel1.win32_1.0.100.202403111256/tools/bin/../lib/gcc/arm-none-eabi/12.3.1/../../../../arm-none-eabi/lib/thumb/v7-m/nofp\libc_nano.a
END GROUP
START GROUP
LOAD F:/STM32CubeIDE/STM32CubeIDE_1.14.1/STM32CubeIDE/plugins/com.st.stm32cube.ide.mcu.externaltools.gnu-tools-for-stm32.12.3.rel1.win32_1.0.100.202403111256/tools/bin/../lib/gcc/arm-none-eabi/12.3.1/thumb/v7-m/nofp\libgcc.a
LOAD F:/STM32CubeIDE/STM32CubeIDE_1.14.1/STM32CubeIDE/plugins/com.st.stm32cube.ide.mcu.externaltools.gnu-tools-for-stm32.12.3.rel1.win32_1.0.100.202403111256/tools/bin/../lib/gcc/arm-none-eabi/12.3.1/../../../../arm-none-eabi/lib/thumb/v7-m/nofp\libc_nano.a
LOAD F:/STM32CubeIDE/STM32CubeIDE_1.14.1/STM32CubeIDE/plugins/com.st.stm32cube.ide.mcu.externaltools.gnu-tools-for-stm32.12.3.rel1.win32_1.0.100.202403111256/tools/bin/../lib/gcc/arm-none-eabi/12.3.1/../../../../arm-none-eabi/lib/thumb/v7-m/nofp\libnosys.a
END GROUP
START GROUP
LOAD F:/STM32CubeIDE/STM32CubeIDE_1.14.1/STM32CubeIDE/plugins/com.st.stm32cube.ide.mcu.externaltools.gnu-tools-for-stm32.12.3.rel1.win32_1.0.100.202403111256/tools/bin/../lib/gcc/arm-none-eabi/12.3.1/thumb/v7-m/nofp\libgcc.a
LOAD F:/STM32CubeIDE/STM32CubeIDE_1.14.1/STM32CubeIDE/plugins/com.st.stm32cube.ide.mcu.externaltools.gnu-tools-for-stm32.12.3.rel1.win32_1.0.100.202403111256/tools/bin/../lib/gcc/arm-none-eabi/12.3.1/../../../../arm-none-eabi/lib/thumb/v7-m/nofp\libc_nano.a
LOAD F:/STM32CubeIDE/STM32CubeIDE_1.14.1/STM32CubeIDE/plugins/com.st.stm32cube.ide.mcu.externaltools.gnu-tools-for-stm32.12.3.rel1.win32_1.0.100.202403111256/tools/bin/../lib/gcc/arm-none-eabi/12.3.1/../../../../arm-none-eabi/lib/thumb/v7-m/nofp\libnosys.a
END GROUP
LOAD F:/STM32CubeIDE/STM32CubeIDE_1.14.1/STM32CubeIDE/plugins/com.st.stm32cube.ide.mcu.externaltools.gnu-tools-for-stm32.12.3.rel1.win32_1.0.100.202403111256/tools/bin/../lib/gcc/arm-none-eabi/12.3.1/thumb/v7-m/nofp/crtend.o
LOAD F:/STM32CubeIDE/STM32CubeIDE_1.14.1/STM32CubeIDE/plugins/com.st.stm32cube.ide.mcu.externaltools.gnu-tools-for-stm32.12.3.rel1.win32_1.0.100.202403111256/tools/bin/../lib/gcc/arm-none-eabi/12.3.1/thumb/v7-m/nofp/crtn.o
                0x20005000                        _estack = (ORIGIN (RAM) + LENGTH (RAM))
                0x00000200                        _Min_Heap_Size = 0x200
                0x00000400                        _Min_Stack_Size = 0x400

.isr_vector     0x08000000      0x10c
                0x08000000                        . = ALIGN (0x4)
 *(.isr_vector)
 .isr_vector    0x08000000      0x10c ./Core/Startup/startup_stm32f103c8tx.o
                0x08000000                g_pfnVectors
                0x0800010c                        . = ALIGN (0x4)

.text           0x0800010c     0x2950
                0x0800010c                        . = ALIGN (0x4)
 *(.text)
 .text          0x0800010c       0x40 F:/STM32CubeIDE/STM32CubeIDE_1.14.1/STM32CubeIDE/plugins/com.st.stm32cube.ide.mcu.externaltools.gnu-tools-for-stm32.12.3.rel1.win32_1.0.100.202403111256/tools/bin/../lib/gcc/arm-none-eabi/12.3.1/thumb/v7-m/nofp/crtbegin.o
 *(.text*)
 .text.CANSPI_Initialize
                0x0800014c      0x16a ./Core/Src/CANSPI.o
                0x0800014c                CANSPI_Initialize
 *fill*         0x080002b6        0x2 
 .text.Transmit
                0x080002b8       0x8c ./Core/Src/CANSPI.o
                0x080002b8                Transmit
 .text.MCP2515_Initialize
                0x08000344       0x44 ./Core/Src/MCP2515.o
                0x08000344                MCP2515_Initialize
 .text.MCP2515_SetConfigMode
                0x08000388       0x3c ./Core/Src/MCP2515.o
                0x08000388                MCP2515_SetConfigMode
 .text.MCP2515_SetNormalMode
                0x080003c4       0x3c ./Core/Src/MCP2515.o
                0x080003c4                MCP2515_SetNormalMode
 .text.MCP2515_Reset
                0x08000400       0x28 ./Core/Src/MCP2515.o
                0x08000400                MCP2515_Reset
 .text.MCP2515_ReadByte
                0x08000428       0x44 ./Core/Src/MCP2515.o
                0x08000428                MCP2515_ReadByte
 .text.MCP2515_WriteByte
                0x0800046c       0x48 ./Core/Src/MCP2515.o
                0x0800046c                MCP2515_WriteByte
 .text.MCP2515_WriteByteSequence
                0x080004b4       0x54 ./Core/Src/MCP2515.o
                0x080004b4                MCP2515_WriteByteSequence
 .text.MCP2515_ReadStatus
                0x08000508       0x38 ./Core/Src/MCP2515.o
                0x08000508                MCP2515_ReadStatus
 .text.SPI_Tx   0x08000540       0x24 ./Core/Src/MCP2515.o
 .text.SPI_TxBuffer
                0x08000564       0x28 ./Core/Src/MCP2515.o
 .text.SPI_Rx   0x0800058c       0x20 ./Core/Src/MCP2515.o
 .text.MCP2515_Trans0
                0x080005ac       0xa8 ./Core/Src/MCP2515.o
                0x080005ac                MCP2515_Trans0
 .text.MCP2515_Trans1
                0x08000654       0xa8 ./Core/Src/MCP2515.o
                0x08000654                MCP2515_Trans1
 .text.MCP2515_Trans2
                0x080006fc       0xbc ./Core/Src/MCP2515.o
                0x080006fc                MCP2515_Trans2
 .text.main     0x080007b8       0x98 ./Core/Src/main.o
                0x080007b8                main
 .text.SystemClock_Config
                0x08000850       0x74 ./Core/Src/main.o
                0x08000850                SystemClock_Config
 .text.MX_SPI1_Init
                0x080008c4       0x6c ./Core/Src/main.o
 .text.MX_USART1_UART_Init
                0x08000930       0x54 ./Core/Src/main.o
 .text.MX_GPIO_Init
                0x08000984       0xd8 ./Core/Src/main.o
 .text.Error_Handler
                0x08000a5c        0xc ./Core/Src/main.o
                0x08000a5c                Error_Handler
 .text.HAL_MspInit
                0x08000a68       0x64 ./Core/Src/stm32f1xx_hal_msp.o
                0x08000a68                HAL_MspInit
 .text.HAL_SPI_MspInit
                0x08000acc       0x94 ./Core/Src/stm32f1xx_hal_msp.o
                0x08000acc                HAL_SPI_MspInit
 .text.HAL_UART_MspInit
                0x08000b60       0xb4 ./Core/Src/stm32f1xx_hal_msp.o
                0x08000b60                HAL_UART_MspInit
 .text.NMI_Handler
                0x08000c14        0x8 ./Core/Src/stm32f1xx_it.o
                0x08000c14                NMI_Handler
 .text.HardFault_Handler
                0x08000c1c        0x8 ./Core/Src/stm32f1xx_it.o
                0x08000c1c                HardFault_Handler
 .text.MemManage_Handler
                0x08000c24        0x8 ./Core/Src/stm32f1xx_it.o
                0x08000c24                MemManage_Handler
 .text.BusFault_Handler
                0x08000c2c        0x8 ./Core/Src/stm32f1xx_it.o
                0x08000c2c                BusFault_Handler
 .text.UsageFault_Handler
                0x08000c34        0x8 ./Core/Src/stm32f1xx_it.o
                0x08000c34                UsageFault_Handler
 .text.SVC_Handler
                0x08000c3c        0xc ./Core/Src/stm32f1xx_it.o
                0x08000c3c                SVC_Handler
 .text.DebugMon_Handler
                0x08000c48        0xc ./Core/Src/stm32f1xx_it.o
                0x08000c48                DebugMon_Handler
 .text.PendSV_Handler
                0x08000c54        0xc ./Core/Src/stm32f1xx_it.o
                0x08000c54                PendSV_Handler
 .text.SysTick_Handler
                0x08000c60        0xc ./Core/Src/stm32f1xx_it.o
                0x08000c60                SysTick_Handler
 .text.SystemInit
                0x08000c6c        0xc ./Core/Src/system_stm32f1xx.o
                0x08000c6c                SystemInit
 .text.Reset_Handler
                0x08000c78       0x48 ./Core/Startup/startup_stm32f103c8tx.o
                0x08000c78                Reset_Handler
 .text.Default_Handler
                0x08000cc0        0x2 ./Core/Startup/startup_stm32f103c8tx.o
                0x08000cc0                RTC_Alarm_IRQHandler
                0x08000cc0                EXTI2_IRQHandler
                0x08000cc0                TIM1_CC_IRQHandler
                0x08000cc0                PVD_IRQHandler
                0x08000cc0                EXTI3_IRQHandler
                0x08000cc0                EXTI0_IRQHandler
                0x08000cc0                I2C2_EV_IRQHandler
                0x08000cc0                ADC1_2_IRQHandler
                0x08000cc0                SPI1_IRQHandler
                0x08000cc0                TAMPER_IRQHandler
                0x08000cc0                DMA1_Channel4_IRQHandler
                0x08000cc0                USART3_IRQHandler
                0x08000cc0                RTC_IRQHandler
                0x08000cc0                DMA1_Channel7_IRQHandler
                0x08000cc0                CAN1_RX1_IRQHandler
                0x08000cc0                TIM4_IRQHandler
                0x08000cc0                I2C1_EV_IRQHandler
                0x08000cc0                DMA1_Channel6_IRQHandler
                0x08000cc0                TIM3_IRQHandler
                0x08000cc0                RCC_IRQHandler
                0x08000cc0                TIM1_TRG_COM_IRQHandler
                0x08000cc0                DMA1_Channel1_IRQHandler
                0x08000cc0                Default_Handler
                0x08000cc0                EXTI15_10_IRQHandler
                0x08000cc0                EXTI9_5_IRQHandler
                0x08000cc0                SPI2_IRQHandler
                0x08000cc0                DMA1_Channel5_IRQHandler
                0x08000cc0                EXTI4_IRQHandler
                0x08000cc0                USB_LP_CAN1_RX0_IRQHandler
                0x08000cc0                USB_HP_CAN1_TX_IRQHandler
                0x08000cc0                DMA1_Channel3_IRQHandler
                0x08000cc0                TIM1_UP_IRQHandler
                0x08000cc0                WWDG_IRQHandler
                0x08000cc0                TIM2_IRQHandler
                0x08000cc0                TIM1_BRK_IRQHandler
                0x08000cc0                EXTI1_IRQHandler
                0x08000cc0                USART2_IRQHandler
                0x08000cc0                I2C2_ER_IRQHandler
                0x08000cc0                DMA1_Channel2_IRQHandler
                0x08000cc0                CAN1_SCE_IRQHandler
                0x08000cc0                FLASH_IRQHandler
                0x08000cc0                USART1_IRQHandler
                0x08000cc0                I2C1_ER_IRQHandler
                0x08000cc0                USBWakeUp_IRQHandler
 *fill*         0x08000cc2        0x2 
 .text.HAL_Init
                0x08000cc4       0x2c ./Drivers/STM32F1xx_HAL_Driver/Src/stm32f1xx_hal.o
                0x08000cc4                HAL_Init
 .text.HAL_InitTick
                0x08000cf0       0x60 ./Drivers/STM32F1xx_HAL_Driver/Src/stm32f1xx_hal.o
                0x08000cf0                HAL_InitTick
 .text.HAL_IncTick
                0x08000d50       0x24 ./Drivers/STM32F1xx_HAL_Driver/Src/stm32f1xx_hal.o
                0x08000d50                HAL_IncTick
 .text.HAL_GetTick
                0x08000d74       0x14 ./Drivers/STM32F1xx_HAL_Driver/Src/stm32f1xx_hal.o
                0x08000d74                HAL_GetTick
 .text.HAL_Delay
                0x08000d88       0x48 ./Drivers/STM32F1xx_HAL_Driver/Src/stm32f1xx_hal.o
                0x08000d88                HAL_Delay
 .text.__NVIC_SetPriorityGrouping
                0x08000dd0       0x48 ./Drivers/STM32F1xx_HAL_Driver/Src/stm32f1xx_hal_cortex.o
 .text.__NVIC_GetPriorityGrouping
                0x08000e18       0x1c ./Drivers/STM32F1xx_HAL_Driver/Src/stm32f1xx_hal_cortex.o
 .text.__NVIC_SetPriority
                0x08000e34       0x54 ./Drivers/STM32F1xx_HAL_Driver/Src/stm32f1xx_hal_cortex.o
 .text.NVIC_EncodePriority
                0x08000e88       0x64 ./Drivers/STM32F1xx_HAL_Driver/Src/stm32f1xx_hal_cortex.o
 .text.SysTick_Config
                0x08000eec       0x44 ./Drivers/STM32F1xx_HAL_Driver/Src/stm32f1xx_hal_cortex.o
 .text.HAL_NVIC_SetPriorityGrouping
                0x08000f30       0x16 ./Drivers/STM32F1xx_HAL_Driver/Src/stm32f1xx_hal_cortex.o
                0x08000f30                HAL_NVIC_SetPriorityGrouping
 .text.HAL_NVIC_SetPriority
                0x08000f46       0x38 ./Drivers/STM32F1xx_HAL_Driver/Src/stm32f1xx_hal_cortex.o
                0x08000f46                HAL_NVIC_SetPriority
 .text.HAL_SYSTICK_Config
                0x08000f7e       0x18 ./Drivers/STM32F1xx_HAL_Driver/Src/stm32f1xx_hal_cortex.o
                0x08000f7e                HAL_SYSTICK_Config
 *fill*         0x08000f96        0x2 
 .text.HAL_GPIO_Init
                0x08000f98      0x308 ./Drivers/STM32F1xx_HAL_Driver/Src/stm32f1xx_hal_gpio.o
                0x08000f98                HAL_GPIO_Init
 .text.HAL_GPIO_WritePin
                0x080012a0       0x30 ./Drivers/STM32F1xx_HAL_Driver/Src/stm32f1xx_hal_gpio.o
                0x080012a0                HAL_GPIO_WritePin
 .text.HAL_GPIO_TogglePin
                0x080012d0       0x32 ./Drivers/STM32F1xx_HAL_Driver/Src/stm32f1xx_hal_gpio.o
                0x080012d0                HAL_GPIO_TogglePin
 *fill*         0x08001302        0x2 
 .text.HAL_RCC_OscConfig
                0x08001304      0x504 ./Drivers/STM32F1xx_HAL_Driver/Src/stm32f1xx_hal_rcc.o
                0x08001304                HAL_RCC_OscConfig
 .text.HAL_RCC_ClockConfig
                0x08001808      0x1d4 ./Drivers/STM32F1xx_HAL_Driver/Src/stm32f1xx_hal_rcc.o
                0x08001808                HAL_RCC_ClockConfig
 .text.HAL_RCC_GetSysClockFreq
                0x080019dc       0xa8 ./Drivers/STM32F1xx_HAL_Driver/Src/stm32f1xx_hal_rcc.o
                0x080019dc                HAL_RCC_GetSysClockFreq
 .text.HAL_RCC_GetHCLKFreq
                0x08001a84       0x14 ./Drivers/STM32F1xx_HAL_Driver/Src/stm32f1xx_hal_rcc.o
                0x08001a84                HAL_RCC_GetHCLKFreq
 .text.HAL_RCC_GetPCLK1Freq
                0x08001a98       0x28 ./Drivers/STM32F1xx_HAL_Driver/Src/stm32f1xx_hal_rcc.o
                0x08001a98                HAL_RCC_GetPCLK1Freq
 .text.HAL_RCC_GetPCLK2Freq
                0x08001ac0       0x28 ./Drivers/STM32F1xx_HAL_Driver/Src/stm32f1xx_hal_rcc.o
                0x08001ac0                HAL_RCC_GetPCLK2Freq
 .text.RCC_Delay
                0x08001ae8       0x3c ./Drivers/STM32F1xx_HAL_Driver/Src/stm32f1xx_hal_rcc.o
 .text.HAL_SPI_Init
                0x08001b24      0x108 ./Drivers/STM32F1xx_HAL_Driver/Src/stm32f1xx_hal_spi.o
                0x08001b24                HAL_SPI_Init
 .text.HAL_SPI_Transmit
                0x08001c2c      0x286 ./Drivers/STM32F1xx_HAL_Driver/Src/stm32f1xx_hal_spi.o
                0x08001c2c                HAL_SPI_Transmit
 .text.HAL_SPI_Receive
                0x08001eb2      0x230 ./Drivers/STM32F1xx_HAL_Driver/Src/stm32f1xx_hal_spi.o
                0x08001eb2                HAL_SPI_Receive
 .text.HAL_SPI_TransmitReceive
                0x080020e2      0x360 ./Drivers/STM32F1xx_HAL_Driver/Src/stm32f1xx_hal_spi.o
                0x080020e2                HAL_SPI_TransmitReceive
 .text.HAL_SPI_GetState
                0x08002442       0x1a ./Drivers/STM32F1xx_HAL_Driver/Src/stm32f1xx_hal_spi.o
                0x08002442                HAL_SPI_GetState
 .text.SPI_WaitFlagStateUntilTimeout
                0x0800245c      0x110 ./Drivers/STM32F1xx_HAL_Driver/Src/stm32f1xx_hal_spi.o
 .text.SPI_EndRxTransaction
                0x0800256c       0xa4 ./Drivers/STM32F1xx_HAL_Driver/Src/stm32f1xx_hal_spi.o
 .text.SPI_EndRxTxTransaction
                0x08002610       0x3c ./Drivers/STM32F1xx_HAL_Driver/Src/stm32f1xx_hal_spi.o
 .text.HAL_UART_Init
                0x0800264c       0xa0 ./Drivers/STM32F1xx_HAL_Driver/Src/stm32f1xx_hal_uart.o
                0x0800264c                HAL_UART_Init
 .text.HAL_UART_Transmit
                0x080026ec      0x106 ./Drivers/STM32F1xx_HAL_Driver/Src/stm32f1xx_hal_uart.o
                0x080026ec                HAL_UART_Transmit
 .text.UART_WaitOnFlagUntilTimeout
                0x080027f2       0xdc ./Drivers/STM32F1xx_HAL_Driver/Src/stm32f1xx_hal_uart.o
 *fill*         0x080028ce        0x2 
 .text.UART_SetConfig
                0x080028d0      0x11c ./Drivers/STM32F1xx_HAL_Driver/Src/stm32f1xx_hal_uart.o
 .text.memset   0x080029ec       0x10 F:/STM32CubeIDE/STM32CubeIDE_1.14.1/STM32CubeIDE/plugins/com.st.stm32cube.ide.mcu.externaltools.gnu-tools-for-stm32.12.3.rel1.win32_1.0.100.202403111256/tools/bin/../lib/gcc/arm-none-eabi/12.3.1/../../../../arm-none-eabi/lib/thumb/v7-m/nofp\libc_nano.a(libc_a-memset.o)
                0x080029ec                memset
 .text.__libc_init_array
                0x080029fc       0x48 F:/STM32CubeIDE/STM32CubeIDE_1.14.1/STM32CubeIDE/plugins/com.st.stm32cube.ide.mcu.externaltools.gnu-tools-for-stm32.12.3.rel1.win32_1.0.100.202403111256/tools/bin/../lib/gcc/arm-none-eabi/12.3.1/../../../../arm-none-eabi/lib/thumb/v7-m/nofp\libc_nano.a(libc_a-init.o)
                0x080029fc                __libc_init_array
 *(.glue_7)
 .glue_7        0x08002a44        0x0 linker stubs
 *(.glue_7t)
 .glue_7t       0x08002a44        0x0 linker stubs
 *(.eh_frame)
 .eh_frame      0x08002a44        0x0 F:/STM32CubeIDE/STM32CubeIDE_1.14.1/STM32CubeIDE/plugins/com.st.stm32cube.ide.mcu.externaltools.gnu-tools-for-stm32.12.3.rel1.win32_1.0.100.202403111256/tools/bin/../lib/gcc/arm-none-eabi/12.3.1/thumb/v7-m/nofp/crtbegin.o
 *(.init)
 .init          0x08002a44        0x4 F:/STM32CubeIDE/STM32CubeIDE_1.14.1/STM32CubeIDE/plugins/com.st.stm32cube.ide.mcu.externaltools.gnu-tools-for-stm32.12.3.rel1.win32_1.0.100.202403111256/tools/bin/../lib/gcc/arm-none-eabi/12.3.1/thumb/v7-m/nofp/crti.o
                0x08002a44                _init
 .init          0x08002a48        0x8 F:/STM32CubeIDE/STM32CubeIDE_1.14.1/STM32CubeIDE/plugins/com.st.stm32cube.ide.mcu.externaltools.gnu-tools-for-stm32.12.3.rel1.win32_1.0.100.202403111256/tools/bin/../lib/gcc/arm-none-eabi/12.3.1/thumb/v7-m/nofp/crtn.o
 *(.fini)
 .fini          0x08002a50        0x4 F:/STM32CubeIDE/STM32CubeIDE_1.14.1/STM32CubeIDE/plugins/com.st.stm32cube.ide.mcu.externaltools.gnu-tools-for-stm32.12.3.rel1.win32_1.0.100.202403111256/tools/bin/../lib/gcc/arm-none-eabi/12.3.1/thumb/v7-m/nofp/crti.o
                0x08002a50                _fini
 .fini          0x08002a54        0x8 F:/STM32CubeIDE/STM32CubeIDE_1.14.1/STM32CubeIDE/plugins/com.st.stm32cube.ide.mcu.externaltools.gnu-tools-for-stm32.12.3.rel1.win32_1.0.100.202403111256/tools/bin/../lib/gcc/arm-none-eabi/12.3.1/thumb/v7-m/nofp/crtn.o
                0x08002a5c                        . = ALIGN (0x4)
                0x08002a5c                        _etext = .

.vfp11_veneer   0x08002a5c        0x0
 .vfp11_veneer  0x08002a5c        0x0 linker stubs

.v4_bx          0x08002a5c        0x0
 .v4_bx         0x08002a5c        0x0 linker stubs

.iplt           0x08002a5c        0x0
 .iplt          0x08002a5c        0x0 F:/STM32CubeIDE/STM32CubeIDE_1.14.1/STM32CubeIDE/plugins/com.st.stm32cube.ide.mcu.externaltools.gnu-tools-for-stm32.12.3.rel1.win32_1.0.100.202403111256/tools/bin/../lib/gcc/arm-none-eabi/12.3.1/thumb/v7-m/nofp/crtbegin.o

.rodata         0x08002a5c       0x2c
                0x08002a5c                        . = ALIGN (0x4)
 *(.rodata)
 *(.rodata*)
 .rodata.AHBPrescTable
                0x08002a5c       0x10 ./Core/Src/system_stm32f1xx.o
                0x08002a5c                AHBPrescTable
 .rodata.APBPrescTable
                0x08002a6c        0x8 ./Core/Src/system_stm32f1xx.o
                0x08002a6c                APBPrescTable
 .rodata.aPLLMULFactorTable.1
                0x08002a74       0x10 ./Drivers/STM32F1xx_HAL_Driver/Src/stm32f1xx_hal_rcc.o
 .rodata.aPredivFactorTable.0
                0x08002a84        0x2 ./Drivers/STM32F1xx_HAL_Driver/Src/stm32f1xx_hal_rcc.o
                0x08002a88                        . = ALIGN (0x4)
 *fill*         0x08002a86        0x2 

.ARM.extab      0x08002a88        0x0
                0x08002a88                        . = ALIGN (0x4)
 *(.ARM.extab* .gnu.linkonce.armextab.*)
                0x08002a88                        . = ALIGN (0x4)

.ARM            0x08002a88        0x0
                0x08002a88                        . = ALIGN (0x4)
                0x08002a88                        __exidx_start = .
 *(.ARM.exidx*)
                0x08002a88                        __exidx_end = .
                0x08002a88                        . = ALIGN (0x4)

.preinit_array  0x08002a88        0x0
                0x08002a88                        . = ALIGN (0x4)
                0x08002a88                        PROVIDE (__preinit_array_start = .)
 *(.preinit_array*)
                0x08002a88                        PROVIDE (__preinit_array_end = .)
                0x08002a88                        . = ALIGN (0x4)

.init_array     0x08002a88        0x4
                0x08002a88                        . = ALIGN (0x4)
                0x08002a88                        PROVIDE (__init_array_start = .)
 *(SORT_BY_NAME(.init_array.*))
 *(.init_array*)
 .init_array    0x08002a88        0x4 F:/STM32CubeIDE/STM32CubeIDE_1.14.1/STM32CubeIDE/plugins/com.st.stm32cube.ide.mcu.externaltools.gnu-tools-for-stm32.12.3.rel1.win32_1.0.100.202403111256/tools/bin/../lib/gcc/arm-none-eabi/12.3.1/thumb/v7-m/nofp/crtbegin.o
                0x08002a8c                        PROVIDE (__init_array_end = .)
                0x08002a8c                        . = ALIGN (0x4)

.fini_array     0x08002a8c        0x4
                0x08002a8c                        . = ALIGN (0x4)
                [!provide]                        PROVIDE (__fini_array_start = .)
 *(SORT_BY_NAME(.fini_array.*))
 *(.fini_array*)
 .fini_array    0x08002a8c        0x4 F:/STM32CubeIDE/STM32CubeIDE_1.14.1/STM32CubeIDE/plugins/com.st.stm32cube.ide.mcu.externaltools.gnu-tools-for-stm32.12.3.rel1.win32_1.0.100.202403111256/tools/bin/../lib/gcc/arm-none-eabi/12.3.1/thumb/v7-m/nofp/crtbegin.o
                [!provide]                        PROVIDE (__fini_array_end = .)
                0x08002a90                        . = ALIGN (0x4)
                0x08002a90                        _sidata = LOADADDR (.data)

.rel.dyn        0x08002a90        0x0
 .rel.iplt      0x08002a90        0x0 F:/STM32CubeIDE/STM32CubeIDE_1.14.1/STM32CubeIDE/plugins/com.st.stm32cube.ide.mcu.externaltools.gnu-tools-for-stm32.12.3.rel1.win32_1.0.100.202403111256/tools/bin/../lib/gcc/arm-none-eabi/12.3.1/thumb/v7-m/nofp/crtbegin.o

.data           0x20000000       0x74 load address 0x08002a90
                0x20000000                        . = ALIGN (0x4)
                0x20000000                        _sdata = .
 *(.data)
 *(.data*)
 .data.msg      0x20000000       0x1e ./Core/Src/main.o
                0x20000000                msg
 *fill*         0x2000001e        0x2 
 .data.msg1     0x20000020       0x1e ./Core/Src/main.o
                0x20000020                msg1
 *fill*         0x2000003e        0x2 
 .data.msg2     0x20000040       0x1e ./Core/Src/main.o
                0x20000040                msg2
 *fill*         0x2000005e        0x2 
 .data.data_out
                0x20000060        0x8 ./Core/Src/main.o
                0x20000060                data_out
 .data.SystemCoreClock
                0x20000068        0x4 ./Core/Src/system_stm32f1xx.o
                0x20000068                SystemCoreClock
 .data.uwTickPrio
                0x2000006c        0x4 ./Drivers/STM32F1xx_HAL_Driver/Src/stm32f1xx_hal.o
                0x2000006c                uwTickPrio
 .data.uwTickFreq
                0x20000070        0x1 ./Drivers/STM32F1xx_HAL_Driver/Src/stm32f1xx_hal.o
                0x20000070                uwTickFreq
 *(.RamFunc)
 *(.RamFunc*)
                0x20000074                        . = ALIGN (0x4)
 *fill*         0x20000071        0x3 
                0x20000074                        _edata = .

.igot.plt       0x20000074        0x0 load address 0x08002b04
 .igot.plt      0x20000074        0x0 F:/STM32CubeIDE/STM32CubeIDE_1.14.1/STM32CubeIDE/plugins/com.st.stm32cube.ide.mcu.externaltools.gnu-tools-for-stm32.12.3.rel1.win32_1.0.100.202403111256/tools/bin/../lib/gcc/arm-none-eabi/12.3.1/thumb/v7-m/nofp/crtbegin.o
                0x20000074                        . = ALIGN (0x4)

.bss            0x20000074       0xc4 load address 0x08002b04
                0x20000074                        _sbss = .
                0x20000074                        __bss_start__ = _sbss
 *(.bss)
 .bss           0x20000074       0x1c F:/STM32CubeIDE/STM32CubeIDE_1.14.1/STM32CubeIDE/plugins/com.st.stm32cube.ide.mcu.externaltools.gnu-tools-for-stm32.12.3.rel1.win32_1.0.100.202403111256/tools/bin/../lib/gcc/arm-none-eabi/12.3.1/thumb/v7-m/nofp/crtbegin.o
 *(.bss*)
 .bss.ctrlStatus
                0x20000090        0x4 ./Core/Src/CANSPI.o
                0x20000090                ctrlStatus
 .bss.hspi1     0x20000094       0x58 ./Core/Src/main.o
                0x20000094                hspi1
 .bss.huart1    0x200000ec       0x48 ./Core/Src/main.o
                0x200000ec                huart1
 .bss.uwTick    0x20000134        0x4 ./Drivers/STM32F1xx_HAL_Driver/Src/stm32f1xx_hal.o
                0x20000134                uwTick
 *(COMMON)
                0x20000138                        . = ALIGN (0x4)
                0x20000138                        _ebss = .
                0x20000138                        __bss_end__ = _ebss

._user_heap_stack
                0x20000138      0x600 load address 0x08002b04
                0x20000138                        . = ALIGN (0x8)
                [!provide]                        PROVIDE (end = .)
                0x20000138                        PROVIDE (_end = .)
                0x20000338                        . = (. + _Min_Heap_Size)
 *fill*         0x20000138      0x200 
                0x20000738                        . = (. + _Min_Stack_Size)
 *fill*         0x20000338      0x400 
                0x20000738                        . = ALIGN (0x8)

/DISCARD/
 libc.a(*)
 libm.a(*)
 libgcc.a(*)

.ARM.attributes
                0x00000000       0x29
 *(.ARM.attributes)
 .ARM.attributes
                0x00000000       0x1d F:/STM32CubeIDE/STM32CubeIDE_1.14.1/STM32CubeIDE/plugins/com.st.stm32cube.ide.mcu.externaltools.gnu-tools-for-stm32.12.3.rel1.win32_1.0.100.202403111256/tools/bin/../lib/gcc/arm-none-eabi/12.3.1/thumb/v7-m/nofp/crti.o
 .ARM.attributes
                0x0000001d       0x2d F:/STM32CubeIDE/STM32CubeIDE_1.14.1/STM32CubeIDE/plugins/com.st.stm32cube.ide.mcu.externaltools.gnu-tools-for-stm32.12.3.rel1.win32_1.0.100.202403111256/tools/bin/../lib/gcc/arm-none-eabi/12.3.1/thumb/v7-m/nofp/crtbegin.o
 .ARM.attributes
                0x0000004a       0x2d ./Core/Src/CANSPI.o
 .ARM.attributes
                0x00000077       0x2d ./Core/Src/MCP2515.o
 .ARM.attributes
                0x000000a4       0x2d ./Core/Src/main.o
 .ARM.attributes
                0x000000d1       0x2d ./Core/Src/stm32f1xx_hal_msp.o
 .ARM.attributes
                0x000000fe       0x2d ./Core/Src/stm32f1xx_it.o
 .ARM.attributes
                0x0000012b       0x2d ./Core/Src/system_stm32f1xx.o
 .ARM.attributes
                0x00000158       0x21 ./Core/Startup/startup_stm32f103c8tx.o
 .ARM.attributes
                0x00000179       0x2d ./Drivers/STM32F1xx_HAL_Driver/Src/stm32f1xx_hal.o
 .ARM.attributes
                0x000001a6       0x2d ./Drivers/STM32F1xx_HAL_Driver/Src/stm32f1xx_hal_cortex.o
 .ARM.attributes
                0x000001d3       0x2d ./Drivers/STM32F1xx_HAL_Driver/Src/stm32f1xx_hal_gpio.o
 .ARM.attributes
                0x00000200       0x2d ./Drivers/STM32F1xx_HAL_Driver/Src/stm32f1xx_hal_rcc.o
 .ARM.attributes
                0x0000022d       0x2d ./Drivers/STM32F1xx_HAL_Driver/Src/stm32f1xx_hal_spi.o
 .ARM.attributes
                0x0000025a       0x2d ./Drivers/STM32F1xx_HAL_Driver/Src/stm32f1xx_hal_uart.o
 .ARM.attributes
                0x00000287       0x2d F:/STM32CubeIDE/STM32CubeIDE_1.14.1/STM32CubeIDE/plugins/com.st.stm32cube.ide.mcu.externaltools.gnu-tools-for-stm32.12.3.rel1.win32_1.0.100.202403111256/tools/bin/../lib/gcc/arm-none-eabi/12.3.1/../../../../arm-none-eabi/lib/thumb/v7-m/nofp\libc_nano.a(libc_a-memset.o)
 .ARM.attributes
                0x000002b4       0x2d F:/STM32CubeIDE/STM32CubeIDE_1.14.1/STM32CubeIDE/plugins/com.st.stm32cube.ide.mcu.externaltools.gnu-tools-for-stm32.12.3.rel1.win32_1.0.100.202403111256/tools/bin/../lib/gcc/arm-none-eabi/12.3.1/../../../../arm-none-eabi/lib/thumb/v7-m/nofp\libc_nano.a(libc_a-init.o)
 .ARM.attributes
                0x000002e1       0x1d F:/STM32CubeIDE/STM32CubeIDE_1.14.1/STM32CubeIDE/plugins/com.st.stm32cube.ide.mcu.externaltools.gnu-tools-for-stm32.12.3.rel1.win32_1.0.100.202403111256/tools/bin/../lib/gcc/arm-none-eabi/12.3.1/thumb/v7-m/nofp/crtn.o
OUTPUT(f1_can_HAL_ver3.elf elf32-littlearm)
LOAD linker stubs
LOAD F:/STM32CubeIDE/STM32CubeIDE_1.14.1/STM32CubeIDE/plugins/com.st.stm32cube.ide.mcu.externaltools.gnu-tools-for-stm32.12.3.rel1.win32_1.0.100.202403111256/tools/bin/../lib/gcc/arm-none-eabi/12.3.1/../../../../arm-none-eabi/lib/thumb/v7-m/nofp\libc.a
LOAD F:/STM32CubeIDE/STM32CubeIDE_1.14.1/STM32CubeIDE/plugins/com.st.stm32cube.ide.mcu.externaltools.gnu-tools-for-stm32.12.3.rel1.win32_1.0.100.202403111256/tools/bin/../lib/gcc/arm-none-eabi/12.3.1/../../../../arm-none-eabi/lib/thumb/v7-m/nofp\libm.a
LOAD F:/STM32CubeIDE/STM32CubeIDE_1.14.1/STM32CubeIDE/plugins/com.st.stm32cube.ide.mcu.externaltools.gnu-tools-for-stm32.12.3.rel1.win32_1.0.100.202403111256/tools/bin/../lib/gcc/arm-none-eabi/12.3.1/thumb/v7-m/nofp\libgcc.a

.debug_info     0x00000000     0x96d9
 .debug_info    0x00000000      0xb5c ./Core/Src/CANSPI.o
 .debug_info    0x00000b5c      0xb5a ./Core/Src/MCP2515.o
 .debug_info    0x000016b6      0xe0c ./Core/Src/main.o
 .debug_info    0x000024c2      0xafc ./Core/Src/stm32f1xx_hal_msp.o
 .debug_info    0x00002fbe      0x113 ./Core/Src/stm32f1xx_it.o
 .debug_info    0x000030d1      0x222 ./Core/Src/system_stm32f1xx.o
 .debug_info    0x000032f3       0x30 ./Core/Startup/startup_stm32f103c8tx.o
 .debug_info    0x00003323      0x704 ./Drivers/STM32F1xx_HAL_Driver/Src/stm32f1xx_hal.o
 .debug_info    0x00003a27      0xa87 ./Drivers/STM32F1xx_HAL_Driver/Src/stm32f1xx_hal_cortex.o
 .debug_info    0x000044ae      0x5ab ./Drivers/STM32F1xx_HAL_Driver/Src/stm32f1xx_hal_gpio.o
 .debug_info    0x00004a59      0x7d5 ./Drivers/STM32F1xx_HAL_Driver/Src/stm32f1xx_hal_rcc.o
 .debug_info    0x0000522e     0x1503 ./Drivers/STM32F1xx_HAL_Driver/Src/stm32f1xx_hal_spi.o
 .debug_info    0x00006731     0x2fa8 ./Drivers/STM32F1xx_HAL_Driver/Src/stm32f1xx_hal_uart.o

.debug_abbrev   0x00000000     0x1a82
 .debug_abbrev  0x00000000      0x254 ./Core/Src/CANSPI.o
 .debug_abbrev  0x00000254      0x2cb ./Core/Src/MCP2515.o
 .debug_abbrev  0x0000051f      0x2ef ./Core/Src/main.o
 .debug_abbrev  0x0000080e      0x1ac ./Core/Src/stm32f1xx_hal_msp.o
 .debug_abbrev  0x000009ba       0x73 ./Core/Src/stm32f1xx_it.o
 .debug_abbrev  0x00000a2d      0x13f ./Core/Src/system_stm32f1xx.o
 .debug_abbrev  0x00000b6c       0x24 ./Core/Startup/startup_stm32f103c8tx.o
 .debug_abbrev  0x00000b90      0x201 ./Drivers/STM32F1xx_HAL_Driver/Src/stm32f1xx_hal.o
 .debug_abbrev  0x00000d91      0x2f8 ./Drivers/STM32F1xx_HAL_Driver/Src/stm32f1xx_hal_cortex.o
 .debug_abbrev  0x00001089      0x1ca ./Drivers/STM32F1xx_HAL_Driver/Src/stm32f1xx_hal_gpio.o
 .debug_abbrev  0x00001253      0x2b3 ./Drivers/STM32F1xx_HAL_Driver/Src/stm32f1xx_hal_rcc.o
 .debug_abbrev  0x00001506      0x284 ./Drivers/STM32F1xx_HAL_Driver/Src/stm32f1xx_hal_spi.o
 .debug_abbrev  0x0000178a      0x2f8 ./Drivers/STM32F1xx_HAL_Driver/Src/stm32f1xx_hal_uart.o

.debug_aranges  0x00000000      0x920
 .debug_aranges
                0x00000000       0x78 ./Core/Src/CANSPI.o
 .debug_aranges
                0x00000078       0xd0 ./Core/Src/MCP2515.o
 .debug_aranges
                0x00000148       0x48 ./Core/Src/main.o
 .debug_aranges
                0x00000190       0x40 ./Core/Src/stm32f1xx_hal_msp.o
 .debug_aranges
                0x000001d0       0x60 ./Core/Src/stm32f1xx_it.o
 .debug_aranges
                0x00000230       0x28 ./Core/Src/system_stm32f1xx.o
 .debug_aranges
                0x00000258       0x28 ./Core/Startup/startup_stm32f103c8tx.o
 .debug_aranges
                0x00000280       0xe0 ./Drivers/STM32F1xx_HAL_Driver/Src/stm32f1xx_hal.o
 .debug_aranges
                0x00000360      0x100 ./Drivers/STM32F1xx_HAL_Driver/Src/stm32f1xx_hal_cortex.o
 .debug_aranges
                0x00000460       0x58 ./Drivers/STM32F1xx_HAL_Driver/Src/stm32f1xx_hal_gpio.o
 .debug_aranges
                0x000004b8       0x90 ./Drivers/STM32F1xx_HAL_Driver/Src/stm32f1xx_hal_rcc.o
 .debug_aranges
                0x00000548      0x1d0 ./Drivers/STM32F1xx_HAL_Driver/Src/stm32f1xx_hal_spi.o
 .debug_aranges
                0x00000718      0x208 ./Drivers/STM32F1xx_HAL_Driver/Src/stm32f1xx_hal_uart.o

.debug_rnglists
                0x00000000      0x6fd
 .debug_rnglists
                0x00000000       0x5a ./Core/Src/CANSPI.o
 .debug_rnglists
                0x0000005a       0x9a ./Core/Src/MCP2515.o
 .debug_rnglists
                0x000000f4       0x33 ./Core/Src/main.o
 .debug_rnglists
                0x00000127       0x2d ./Core/Src/stm32f1xx_hal_msp.o
 .debug_rnglists
                0x00000154       0x43 ./Core/Src/stm32f1xx_it.o
 .debug_rnglists
                0x00000197       0x1a ./Core/Src/system_stm32f1xx.o
 .debug_rnglists
                0x000001b1       0x19 ./Core/Startup/startup_stm32f103c8tx.o
 .debug_rnglists
                0x000001ca       0xa3 ./Drivers/STM32F1xx_HAL_Driver/Src/stm32f1xx_hal.o
 .debug_rnglists
                0x0000026d       0xbb ./Drivers/STM32F1xx_HAL_Driver/Src/stm32f1xx_hal_cortex.o
 .debug_rnglists
                0x00000328       0x3f ./Drivers/STM32F1xx_HAL_Driver/Src/stm32f1xx_hal_gpio.o
 .debug_rnglists
                0x00000367       0x6c ./Drivers/STM32F1xx_HAL_Driver/Src/stm32f1xx_hal_rcc.o
 .debug_rnglists
                0x000003d3      0x16e ./Drivers/STM32F1xx_HAL_Driver/Src/stm32f1xx_hal_spi.o
 .debug_rnglists
                0x00000541      0x1bc ./Drivers/STM32F1xx_HAL_Driver/Src/stm32f1xx_hal_uart.o

.debug_macro    0x00000000    0x16a4a
 .debug_macro   0x00000000      0x1cc ./Core/Src/CANSPI.o
 .debug_macro   0x000001cc      0xaa8 ./Core/Src/CANSPI.o
 .debug_macro   0x00000c74       0x22 ./Core/Src/CANSPI.o
 .debug_macro   0x00000c96      0x21b ./Core/Src/CANSPI.o
 .debug_macro   0x00000eb1       0x2e ./Core/Src/CANSPI.o
 .debug_macro   0x00000edf       0x22 ./Core/Src/CANSPI.o
 .debug_macro   0x00000f01       0x22 ./Core/Src/CANSPI.o
 .debug_macro   0x00000f23       0x8e ./Core/Src/CANSPI.o
 .debug_macro   0x00000fb1       0x51 ./Core/Src/CANSPI.o
 .debug_macro   0x00001002      0x103 ./Core/Src/CANSPI.o
 .debug_macro   0x00001105       0x6a ./Core/Src/CANSPI.o
 .debug_macro   0x0000116f      0x1df ./Core/Src/CANSPI.o
 .debug_macro   0x0000134e       0x1c ./Core/Src/CANSPI.o
 .debug_macro   0x0000136a       0x22 ./Core/Src/CANSPI.o
 .debug_macro   0x0000138c       0xbd ./Core/Src/CANSPI.o
 .debug_macro   0x00001449      0xd23 ./Core/Src/CANSPI.o
 .debug_macro   0x0000216c     0xe09e ./Core/Src/CANSPI.o
 .debug_macro   0x0001020a       0x6d ./Core/Src/CANSPI.o
 .debug_macro   0x00010277     0x348d ./Core/Src/CANSPI.o
 .debug_macro   0x00013704      0x189 ./Core/Src/CANSPI.o
 .debug_macro   0x0001388d       0x5c ./Core/Src/CANSPI.o
 .debug_macro   0x000138e9      0x5bc ./Core/Src/CANSPI.o
 .debug_macro   0x00013ea5      0x289 ./Core/Src/CANSPI.o
 .debug_macro   0x0001412e      0x1cb ./Core/Src/CANSPI.o
 .debug_macro   0x000142f9      0x114 ./Core/Src/CANSPI.o
 .debug_macro   0x0001440d      0x1b2 ./Core/Src/CANSPI.o
 .debug_macro   0x000145bf       0x27 ./Core/Src/CANSPI.o
 .debug_macro   0x000145e6      0x136 ./Core/Src/CANSPI.o
 .debug_macro   0x0001471c      0x1bc ./Core/Src/CANSPI.o
 .debug_macro   0x000148d8       0x34 ./Core/Src/CANSPI.o
 .debug_macro   0x0001490c       0x3c ./Core/Src/CANSPI.o
 .debug_macro   0x00014948       0x57 ./Core/Src/CANSPI.o
 .debug_macro   0x0001499f       0x87 ./Core/Src/CANSPI.o
 .debug_macro   0x00014a26      0x240 ./Core/Src/CANSPI.o
 .debug_macro   0x00014c66      0x140 ./Core/Src/CANSPI.o
 .debug_macro   0x00014da6      0x217 ./Core/Src/CANSPI.o
 .debug_macro   0x00014fbd      0x28e ./Core/Src/CANSPI.o
 .debug_macro   0x0001524b       0x83 ./Core/Src/CANSPI.o
 .debug_macro   0x000152ce       0x1c ./Core/Src/CANSPI.o
 .debug_macro   0x000152ea       0x10 ./Core/Src/CANSPI.o
 .debug_macro   0x000152fa      0x253 ./Core/Src/CANSPI.o
 .debug_macro   0x0001554d      0x1c3 ./Core/Src/MCP2515.o
 .debug_macro   0x00015710      0x24d ./Core/Src/MCP2515.o
 .debug_macro   0x0001595d      0x1c3 ./Core/Src/main.o
 .debug_macro   0x00015b20      0x1a7 ./Core/Src/stm32f1xx_hal_msp.o
 .debug_macro   0x00015cc7      0x1b1 ./Core/Src/stm32f1xx_it.o
 .debug_macro   0x00015e78      0x198 ./Core/Src/system_stm32f1xx.o
 .debug_macro   0x00016010      0x1bc ./Drivers/STM32F1xx_HAL_Driver/Src/stm32f1xx_hal.o
 .debug_macro   0x000161cc      0x198 ./Drivers/STM32F1xx_HAL_Driver/Src/stm32f1xx_hal_cortex.o
 .debug_macro   0x00016364      0x203 ./Drivers/STM32F1xx_HAL_Driver/Src/stm32f1xx_hal_gpio.o
 .debug_macro   0x00016567      0x1aa ./Drivers/STM32F1xx_HAL_Driver/Src/stm32f1xx_hal_rcc.o
 .debug_macro   0x00016711      0x1a0 ./Drivers/STM32F1xx_HAL_Driver/Src/stm32f1xx_hal_spi.o
 .debug_macro   0x000168b1      0x199 ./Drivers/STM32F1xx_HAL_Driver/Src/stm32f1xx_hal_uart.o

.debug_line     0x00000000     0xa5c9
 .debug_line    0x00000000      0xa0c ./Core/Src/CANSPI.o
 .debug_line    0x00000a0c      0xa93 ./Core/Src/MCP2515.o
 .debug_line    0x0000149f      0x845 ./Core/Src/main.o
 .debug_line    0x00001ce4      0x78a ./Core/Src/stm32f1xx_hal_msp.o
 .debug_line    0x0000246e      0x7a5 ./Core/Src/stm32f1xx_it.o
 .debug_line    0x00002c13      0x761 ./Core/Src/system_stm32f1xx.o
 .debug_line    0x00003374       0x78 ./Core/Startup/startup_stm32f103c8tx.o
 .debug_line    0x000033ec      0x98e ./Drivers/STM32F1xx_HAL_Driver/Src/stm32f1xx_hal.o
 .debug_line    0x00003d7a      0xb7a ./Drivers/STM32F1xx_HAL_Driver/Src/stm32f1xx_hal_cortex.o
 .debug_line    0x000048f4      0xa27 ./Drivers/STM32F1xx_HAL_Driver/Src/stm32f1xx_hal_gpio.o
 .debug_line    0x0000531b      0xd97 ./Drivers/STM32F1xx_HAL_Driver/Src/stm32f1xx_hal_rcc.o
 .debug_line    0x000060b2     0x1c40 ./Drivers/STM32F1xx_HAL_Driver/Src/stm32f1xx_hal_spi.o
 .debug_line    0x00007cf2     0x28d7 ./Drivers/STM32F1xx_HAL_Driver/Src/stm32f1xx_hal_uart.o

.debug_str      0x00000000    0x80ddc
 .debug_str     0x00000000    0x7e977 ./Core/Src/CANSPI.o
                              0x7ecb7 (size before relaxing)
 .debug_str     0x0007e977      0x4f6 ./Core/Src/MCP2515.o
                              0x7ec75 (size before relaxing)
 .debug_str     0x0007ee6d      0x429 ./Core/Src/main.o
                              0x7e6ab (size before relaxing)
 .debug_str     0x0007f296       0xbb ./Core/Src/stm32f1xx_hal_msp.o
                              0x7e3c8 (size before relaxing)
 .debug_str     0x0007f351       0xc9 ./Core/Src/stm32f1xx_it.o
                              0x7ddad (size before relaxing)
 .debug_str     0x0007f41a       0x7e ./Core/Src/system_stm32f1xx.o
                              0x7dd6e (size before relaxing)
 .debug_str     0x0007f498       0x44 ./Core/Startup/startup_stm32f103c8tx.o
                                 0x7d (size before relaxing)
 .debug_str     0x0007f4dc      0x5fd ./Drivers/STM32F1xx_HAL_Driver/Src/stm32f1xx_hal.o
                              0x7e4a1 (size before relaxing)
 .debug_str     0x0007fad9      0x2bb ./Drivers/STM32F1xx_HAL_Driver/Src/stm32f1xx_hal_cortex.o
                              0x7e3ed (size before relaxing)
 .debug_str     0x0007fd94      0x2d3 ./Drivers/STM32F1xx_HAL_Driver/Src/stm32f1xx_hal_gpio.o
                              0x7e0f4 (size before relaxing)
 .debug_str     0x00080067      0x229 ./Drivers/STM32F1xx_HAL_Driver/Src/stm32f1xx_hal_rcc.o
                              0x7e19d (size before relaxing)
 .debug_str     0x00080290      0x53f ./Drivers/STM32F1xx_HAL_Driver/Src/stm32f1xx_hal_spi.o
                              0x7e69a (size before relaxing)
 .debug_str     0x000807cf      0x60d ./Drivers/STM32F1xx_HAL_Driver/Src/stm32f1xx_hal_uart.o
                              0x7e80e (size before relaxing)

.comment        0x00000000       0x43
 .comment       0x00000000       0x43 ./Core/Src/CANSPI.o
                                 0x44 (size before relaxing)
 .comment       0x00000043       0x44 ./Core/Src/MCP2515.o
 .comment       0x00000043       0x44 ./Core/Src/main.o
 .comment       0x00000043       0x44 ./Core/Src/stm32f1xx_hal_msp.o
 .comment       0x00000043       0x44 ./Core/Src/stm32f1xx_it.o
 .comment       0x00000043       0x44 ./Core/Src/system_stm32f1xx.o
 .comment       0x00000043       0x44 ./Drivers/STM32F1xx_HAL_Driver/Src/stm32f1xx_hal.o
 .comment       0x00000043       0x44 ./Drivers/STM32F1xx_HAL_Driver/Src/stm32f1xx_hal_cortex.o
 .comment       0x00000043       0x44 ./Drivers/STM32F1xx_HAL_Driver/Src/stm32f1xx_hal_gpio.o
 .comment       0x00000043       0x44 ./Drivers/STM32F1xx_HAL_Driver/Src/stm32f1xx_hal_rcc.o
 .comment       0x00000043       0x44 ./Drivers/STM32F1xx_HAL_Driver/Src/stm32f1xx_hal_spi.o
 .comment       0x00000043       0x44 ./Drivers/STM32F1xx_HAL_Driver/Src/stm32f1xx_hal_uart.o

.debug_frame    0x00000000     0x2464
 .debug_frame   0x00000000      0x1c4 ./Core/Src/CANSPI.o
 .debug_frame   0x000001c4      0x344 ./Core/Src/MCP2515.o
 .debug_frame   0x00000508       0xc4 ./Core/Src/main.o
 .debug_frame   0x000005cc       0xc8 ./Core/Src/stm32f1xx_hal_msp.o
 .debug_frame   0x00000694      0x104 ./Core/Src/stm32f1xx_it.o
 .debug_frame   0x00000798       0x58 ./Core/Src/system_stm32f1xx.o
 .debug_frame   0x000007f0      0x334 ./Drivers/STM32F1xx_HAL_Driver/Src/stm32f1xx_hal.o
 .debug_frame   0x00000b24      0x428 ./Drivers/STM32F1xx_HAL_Driver/Src/stm32f1xx_hal_cortex.o
 .debug_frame   0x00000f4c      0x14c ./Drivers/STM32F1xx_HAL_Driver/Src/stm32f1xx_hal_gpio.o
 .debug_frame   0x00001098      0x218 ./Drivers/STM32F1xx_HAL_Driver/Src/stm32f1xx_hal_rcc.o
 .debug_frame   0x000012b0      0x824 ./Drivers/STM32F1xx_HAL_Driver/Src/stm32f1xx_hal_spi.o
 .debug_frame   0x00001ad4      0x944 ./Drivers/STM32F1xx_HAL_Driver/Src/stm32f1xx_hal_uart.o
 .debug_frame   0x00002418       0x20 F:/STM32CubeIDE/STM32CubeIDE_1.14.1/STM32CubeIDE/plugins/com.st.stm32cube.ide.mcu.externaltools.gnu-tools-for-stm32.12.3.rel1.win32_1.0.100.202403111256/tools/bin/../lib/gcc/arm-none-eabi/12.3.1/../../../../arm-none-eabi/lib/thumb/v7-m/nofp\libc_nano.a(libc_a-memset.o)
 .debug_frame   0x00002438       0x2c F:/STM32CubeIDE/STM32CubeIDE_1.14.1/STM32CubeIDE/plugins/com.st.stm32cube.ide.mcu.externaltools.gnu-tools-for-stm32.12.3.rel1.win32_1.0.100.202403111256/tools/bin/../lib/gcc/arm-none-eabi/12.3.1/../../../../arm-none-eabi/lib/thumb/v7-m/nofp\libc_nano.a(libc_a-init.o)

.debug_line_str
                0x00000000       0x61
 .debug_line_str
                0x00000000       0x61 ./Core/Startup/startup_stm32f103c8tx.o
