../Core/Src/CANSPI.c:43:6:CANSPI_Sleep	8	static
../Core/Src/CANSPI.c:55:6:CANSPI_Initialize	40	static
../Core/Src/CANSPI.c:181:9:CANSPI_Transmit	24	static
../Core/Src/CANSPI.c:231:9:CANSPI_Receive	40	static
../Core/Src/CANSPI.c:282:9:CANSPI_messagesInBuffer	16	static
../Core/Src/CANSPI.c:302:9:CANSPI_isBussOff	16	static
../Core/Src/CANSPI.c:317:9:CANSPI_isRxErrorPassive	16	static
../Core/Src/CANSPI.c:332:9:CANSPI_isTxErrorPassive	16	static
../Core/Src/CANSPI.c:347:17:convertReg2ExtendedCANid	32	static
../Core/Src/CANSPI.c:369:17:convertReg2StandardCANid	24	static
../Core/Src/CANSPI.c:382:13:convertCANid2Reg	32	static
../Core/Src/CANSPI.c:420:9:Transmit	24	static
